****** Please SET BL60X_SDK_PATH ******
****** Trying SDK PATH [/home/rjwang/work/bl_iot_sdk.gitlab/customer_app/bl602_demo_wifi/../..]
use git describe to generate Version Define
Building Finish. To flash build output.
======================= Sort ofile on flash=======================
                        module  ... ram_wifi
1                 libmbedtls.a  ...        0
2                 libhal_drv.a  ...        0
3              libbl602_wifi.a  ...        0
4              libbl602_wifi.a  ...        0
5                 libmbedtls.a  ...        0
6                 libmbedtls.a  ...        0
7           libbl602_wifidrv.a  ...        0
8                 libmbedtls.a  ...        0
9         libbl602_demo_wifi.a  ...        0
10             libeasyflash4.a  ...        0
11                    libcli.a  ...        0
12                  libblfdt.a  ...        0
13        libbl602_demo_wifi.a  ...        0
14     libfreertos_riscv_ram.a  ...        0
15                libmbedtls.a  ...        0
16             libbl602_wifi.a  ...        0
17          libbl602_wifidrv.a  ...        0
18                   liblwip.a  ...        0
19             libbl602_wifi.a  ...        0
20             libbl602_wifi.a  ...        0
21                libmbedtls.a  ...        0
22             libbl602_wifi.a  ...        0
23             libbl602_wifi.a  ...        0
24                libmbedtls.a  ...        0
25          libbl602_wifidrv.a  ...        0
26             libbl602_wifi.a  ...        0
27                   liblwip.a  ...        0
28                   liblwip.a  ...        0
29             libbl602_wifi.a  ...        0
30                libmbedtls.a  ...        0
31                libhal_drv.a  ...        0
32                   liblwip.a  ...        0
33                   liblwip.a  ...        0
34          libbl602_wifidrv.a  ...        0
35             libbl602_wifi.a  ...        0
36                   liblwip.a  ...        0
37                libmbedtls.a  ...        0
38                libmbedtls.a  ...        0
39                  libbl602.a  ...        0
40             libbl602_wifi.a  ...        0
41                libhal_drv.a  ...        0
42             libbl602_wifi.a  ...        0
43                  libutils.a  ...        0
44               libnetutils.a  ...        0
45             libbl602_wifi.a  ...        0
46                libaws-iot.a  ...        0
47                  libromfs.a  ...        0
48             libbl602_wifi.a  ...        0
49                libmbedtls.a  ...        0
50             libbl602_wifi.a  ...        0
51                libmbedtls.a  ...        0
52             libbl602_wifi.a  ...        0
53                  libblfdt.a  ...        0
54              libbl602_std.a  ...        0
55             libbl602_wifi.a  ...        0
56                libhal_drv.a  ...        0
57             libbl602_wifi.a  ...        0
58                libhal_drv.a  ...        0
59                    libgcc.a  ...        0
60                    libgcc.a  ...        0
61     libfreertos_riscv_ram.a  ...        0
62             libbl602_wifi.a  ...        0
63                libhal_drv.a  ...        0
64             libbl602_wifi.a  ...        0
65                libmbedtls.a  ...        0
66             libbl602_wifi.a  ...        0
67                libaws-iot.a  ...        0
68          libbl602_wifidrv.a  ...        0
69             libbl602_wifi.a  ...        0
70             libbl602_wifi.a  ...        0
71                  libblota.a  ...        0
72             libbl602_wifi.a  ...        0
73                    libgcc.a  ...        0
74                   liblwip.a  ...        0
75                libmbedtls.a  ...        0
76                  libhttpc.a  ...        0
77          libbl602_wifidrv.a  ...        0
78             libbl602_wifi.a  ...        0
79             libbl602_wifi.a  ...        0
80                   liblwip.a  ...        0
81                  libbloop.a  ...        0
82                libhal_drv.a  ...        0
83             libbl602_wifi.a  ...        0
84                libmbedtls.a  ...        0
85               libnetutils.a  ...        0
86                    libgcc.a  ...        0
87                   liblwip.a  ...        0
88             liblwip_dhcpd.a  ...        0
89                libhal_drv.a  ...        0
90             libbl602_wifi.a  ...        0
91                libaws-iot.a  ...        0
92     libfreertos_riscv_ram.a  ...        0
93               libnetutils.a  ...        0
94                   liblwip.a  ...        0
95                      libc.a  ...        0
96              libbl602_std.a  ...        0
97                libhal_drv.a  ...        0
98             libbl602_wifi.a  ...        0
99          libbl602_wifidrv.a  ...        0
100         libbl602_wifidrv.a  ...        0
101               libmbedtls.a  ...        0
102               libhal_drv.a  ...        0
103                  liblwip.a  ...        0
104                  liblwip.a  ...        0
105            libbl602_wifi.a  ...        0
106                  liblwip.a  ...        0
107                  liblwip.a  ...        0
108            libbl602_wifi.a  ...        0
109               libaws-iot.a  ...        0
110            libbl602_wifi.a  ...        0
111               libmbedtls.a  ...        0
112            libbl602_wifi.a  ...        0
113            libbl602_wifi.a  ...       16
114                  libblog.a  ...        0
115    libfreertos_riscv_ram.a  ...        0
116    libfreertos_riscv_ram.a  ...        0
117            libbl602_wifi.a  ...        0
118            libbl602_wifi.a  ...        0
119                 libutils.a  ...        0
120               libloopset.a  ...        0
121              libnetutils.a  ...        0
122               libmbedtls.a  ...        0
123               libmbedtls.a  ...        0
124            libbl602_wifi.a  ...        0
125                 libblfdt.a  ...        0
126         libbl602_wifidrv.a  ...        0
127                  liblwip.a  ...    20499
128                  libsntp.a  ...        0
129                 libbl602.a  ...        0
130            libeasyflash4.a  ...        0
131               libhal_drv.a  ...        0
132                   libgcc.a  ...        0
133            libbl602_wifi.a  ...        0
134               libmbedtls.a  ...        0
135                   libvfs.a  ...        0
136                   libgcc.a  ...        0
137                   libvfs.a  ...        0
138             libbl602_std.a  ...        0
139               libhal_drv.a  ...        0
140                   libgcc.a  ...        0
141            libeasyflash4.a  ...        0
142            libbl602_wifi.a  ...        0
143            libbl602_wifi.a  ...        0
144               libmbedtls.a  ...        0
145               libhal_drv.a  ...        0
146                 libblmtd.a  ...        0
147               libmbedtls.a  ...        0
148               libhal_drv.a  ...        0
149                   libgcc.a  ...        0
150         libbl602_wifidrv.a  ...        0
151               libaws-iot.a  ...        0
152               libaws-iot.a  ...        0
153               libmbedtls.a  ...        0
154               libmbedtls.a  ...        0
155               libaws-iot.a  ...        0
156                  liblwip.a  ...        0
157            libbl602_wifi.a  ...        0
158                 libyloop.a  ...        0
159               libaws-iot.a  ...        0
160               libaws-iot.a  ...        0
161                  liblwip.a  ...        0
162            libbl602_wifi.a  ...        0
163               libaws-iot.a  ...        0
164         libbl602_wifidrv.a  ...        0
165                   libvfs.a  ...        0
166                  liblwip.a  ...        0
167               libmbedtls.a  ...        0
168            libeasyflash4.a  ...        0
169            libbl602_wifi.a  ...        0
170             libbl602_std.a  ...        0
171                  liblwip.a  ...        0
172                  liblwip.a  ...        0
173               libmbedtls.a  ...        0
174                 libyloop.a  ...        0
175                 libblfdt.a  ...        0
176             libbl602_std.a  ...        0
177                liblooprt.a  ...        0
178    libfreertos_riscv_ram.a  ...        0
179               libaws-iot.a  ...        0
180                   libgcc.a  ...        0
181            libbl602_wifi.a  ...        0
182            libbl602_wifi.a  ...        0
183            libbl602_wifi.a  ...        0
184                 libyloop.a  ...        0
185            libbl602_wifi.a  ...      200
186         libbl602_wifidrv.a  ...        0
187    libfreertos_riscv_ram.a  ...        0
188            libbl602_wifi.a  ...        0
189             libbl602_std.a  ...        0
190            libdns_server.a  ...        0
191            libbl602_wifi.a  ...        0
192                  libsntp.a  ...        0
193            libbl602_wifi.a  ...        0
194            libbl602_wifi.a  ...        0
195                  liblwip.a  ...        0
196             libbl602_std.a  ...        0
197    libfreertos_riscv_ram.a  ...        0
198                  liblwip.a  ...        0
199            libbl602_wifi.a  ...        0
200            libbl602_wifi.a  ...        0
201                  liblwip.a  ...     5535
202                  liblwip.a  ...        0
203            libbl602_wifi.a  ...        0
204               libmbedtls.a  ...        0
205            libbl602_wifi.a  ...        0
206            libbl602_wifi.a  ...        0
207            libbl602_wifi.a  ...        0
208         libbl602_wifidrv.a  ...        0
209            libbl602_wifi.a  ...        0
210               libhal_drv.a  ...        0
211                 libutils.a  ...        0
212               libaws-iot.a  ...        0
213         libbl602_wifidrv.a  ...        0
214            libbl602_wifi.a  ...        0
215            libbl602_wifi.a  ...        0
216               libmbedtls.a  ...        0
217               libmbedtls.a  ...        0
218    libfreertos_riscv_ram.a  ...        0
219                libbltime.a  ...        0
220                     libc.a  ...        0
221            libbl602_wifi.a  ...        0
222                   libvfs.a  ...        0
223                  liblwip.a  ...        0
224            libbl602_wifi.a  ...        0
225               libmbedtls.a  ...        0
226            libbl602_wifi.a  ...        0
227            libbl602_wifi.a  ...        0
228               libhal_drv.a  ...        0
229               libhal_drv.a  ...        0
230               libhal_drv.a  ...        0
231                 libutils.a  ...        0
232                liblooprt.a  ...        0
233            libbl602_wifi.a  ...        0
234                  liblwip.a  ...        0
235               libhal_drv.a  ...        0
236                  liblwip.a  ...        0
237            libbl602_wifi.a  ...        0
238               libaws-iot.a  ...        0
239                 libutils.a  ...        0
240                     libc.a  ...        0
241                     libc.a  ...        0
242            libbl602_wifi.a  ...        0
243                 libbloop.a  ...        0
244                 libutils.a  ...        0
245            libbl602_wifi.a  ...        0
246                 libbl602.a  ...        0
247                 libyloop.a  ...        0
248            libbl602_wifi.a  ...        0
249            libbl602_wifi.a  ...        0
250                 libutils.a  ...        0
251                 libbl602.a  ...        0
252                 libyloop.a  ...        0
253            libbl602_wifi.a  ...       67
254            libbl602_wifi.a  ...        0
255                     libc.a  ...        0
256            libbl602_wifi.a  ...        0
257                     libc.a  ...        0
258                 libutils.a  ...        0
259               libaws-iot.a  ...        0
260                   libgcc.a  ...        0
261                  liblwip.a  ...        0
262                   libvfs.a  ...        0
263            libbl602_wifi.a  ...        0
264                     libc.a  ...        0
265                   libgcc.a  ...        0
266                 libutils.a  ...        0
267         libbl602_wifidrv.a  ...        0
268                   libgcc.a  ...        0
269             libbl602_std.a  ...        0
270                  liblwip.a  ...        0
271            libeasyflash4.a  ...        0
272            libbl602_wifi.a  ...        0
273            libbl602_wifi.a  ...        0
274               libhal_drv.a  ...        0
275                     libm.a  ...        0
276                     libc.a  ...        0
277             libbl602_std.a  ...        0
278                   libgcc.a  ...        0
279                   libgcc.a  ...        0
280                libbltime.a  ...        0
281            libbl602_wifi.a  ...        0
282                     libc.a  ...        0
283                     libc.a  ...        0
284                     libc.a  ...        0
285                   libgcc.a  ...        0
286                   libgcc.a  ...        0
287            libbl602_wifi.a  ...        0
288               libaws-iot.a  ...        0
289            libbl602_wifi.a  ...        0
290               libhal_drv.a  ...        0
291                     libc.a  ...        0
292                   libgcc.a  ...        0
293            libbl602_wifi.a  ...        0
294                 libgloss.a  ...        0
295    libfreertos_riscv_ram.a  ...        0
296    libfreertos_riscv_ram.a  ...        0
297                  liblwip.a  ...        0
298            libbl602_wifi.a  ...        0
299                     libc.a  ...        0
300            libbl602_wifi.a  ...        0
301                     libc.a  ...        0
302                   libgcc.a  ...        0
303            libbl602_wifi.a  ...        0
304         libbl602_wifidrv.a  ...        0
305               libaws-iot.a  ...        0
306                   libgcc.a  ...        0
307            libbl602_wifi.a  ...        0
308                  liblwip.a  ...        0
309               libhal_drv.a  ...        0
310                 libgloss.a  ...        0
311         libbl602_wifidrv.a  ...        0
312                  liblwip.a  ...        0
313                 libutils.a  ...        0
314               libhal_drv.a  ...        0
315                     libc.a  ...        0
316                  liblwip.a  ...        0
317                 libutils.a  ...        0
318               libhal_drv.a  ...        0
319                     libc.a  ...        0
320            libbl602_wifi.a  ...        0
321               libhal_drv.a  ...        0
322                 libutils.a  ...        0
323                   libgcc.a  ...        0
324            libbl602_wifi.a  ...        0
325                     libc.a  ...        0
326               libmbedtls.a  ...        0
327              libnetutils.a  ...        0
328               libhal_drv.a  ...        0
329         libbl602_wifidrv.a  ...        0
330             libbl602_std.a  ...        0
331                   libgcc.a  ...        0
332             libbl602_std.a  ...        0
333       libbl602_demo_wifi.a  ...        0
334            libbl602_wifi.a  ...        0
335                  liblwip.a  ...        0
336         libbl602_wifidrv.a  ...        0
337            libbl602_wifi.a  ...        0
338                 libutils.a  ...        0
339               libmbedtls.a  ...        0
340                 libblfdt.a  ...        0
341            libbl602_wifi.a  ...        0
342                 libbl602.a  ...        0
343                     libc.a  ...        0
344                     libc.a  ...        0
345    libfreertos_riscv_ram.a  ...        0
346                     libc.a  ...        0
347            libbl602_wifi.a  ...        0
348            libbl602_wifi.a  ...        0
349            libbl602_wifi.a  ...      216
350            libbl602_wifi.a  ...        0
351            libbl602_wifi.a  ...     3780
352            libbl602_wifi.a  ...      300
353            libbl602_wifi.a  ...        0
354                     libc.a  ...        0
355            libbl602_wifi.a  ...      236
356                  liblwip.a  ...        0
357            libbl602_wifi.a  ...    20788
358            libbl602_wifi.a  ...     4336
359             libbl602_std.a  ...        0
total                           ...    55973
limit                           ...   106496

[361 rows x 6 columns]
======================= Sort afile on flash=======================
                     module    rom    flash  ram_tcm  ram_wifi
1           libbl602_wifi.a      0   161333    13773     29939
2              libmbedtls.a      0   112897     8851         0
3                 liblwip.a      0    56520     3073     26034
4              libhal_drv.a      0    47220     8004         0
5        libbl602_wifidrv.a      0    39661     9873         0
6              libaws-iot.a      0    17626     7695         0
7                  libgcc.a      0    17376        8         0
8   libfreertos_riscv_ram.a      0    17094     1108         0
9      libbl602_demo_wifi.a      0    15633    10766         0
10               libblfdt.a      0    12765        0         0
11          libeasyflash4.a      0    10740      296         0
12           libbl602_std.a      0     9636     3674         0
13            libnetutils.a      0     9264        5         0
14               libutils.a      0     8369      512         0
15                 libcli.a      0     7427      336         0
16               libbl602.a      0     6181      512         0
17                   libc.a      0     5509     1068         0
18                   *fill*      0     4050     3407        11
19               libromfs.a      0     3895        8         0
20                 libvfs.a      0     3818       12         0
21               libyloop.a      0     2995       28         0
22               libbloop.a      0     2423       14         0
23               libblota.a      0     2355        0         0
24               libhttpc.a      0     2204       16         0
25          liblwip_dhcpd.a      0     1919        4         0
26                libsntp.a      0     1811       33         0
27                libblog.a      0     1357        0         0
28             libloopset.a      0     1250       18         0
29              liblooprt.a      0     1171     1184         0
30               libblmtd.a      0     1059        0         0
31              libbltime.a      0      742       28         0
32          libdns_server.a      0      646        0         0
33               libgloss.a      0      276        0         0
34                   libm.a      0      244        0         0
                      total      0   587466    74306     55984
                      limit  45056  4194304   163840    106496
